// Jest Snapshot v1, https://goo.gl/fbAQLP

exports[`renders project 1`] = `
<div>
  <div
    class="title"
  >
    <div>
      <div
        class="container"
        style="height: 22px;"
      >
        <input
          class="input"
          type="checkbox"
        />
        <svg
          height="22"
          viewBox="0 0 100 100"
          width="22"
        >
          <circle
            cx="50"
            cy="50"
            fill="none"
            r="44"
            stroke="#99a"
            stroke-width="8"
          />
          <path
            d="M 50 17 A 33 33 0 0 0 50 17 L 50 50 L 50 17 Z"
            fill="#aab"
            stroke="none"
            stroke-width="6"
          />
          /&gt;
        </svg>
      </div>
    </div>
    <textarea
      class="name sc-bwzfXH evfpOC"
      data-testid="project-name"
      placeholder="Project Name..."
      rows="1"
      style="overflow-x: hidden; word-wrap: break-word; overflow-y: hidden;"
    >
      Test Project
    </textarea>
    <button
      class="sc-bdVaJa fFWIpk"
    >
      icon
    </button>
  </div>
  <div
    class="subtitle"
  >
    0
     tasks
  </div>
</div>
`;
