// Jest Snapshot v1, https://goo.gl/fbAQLP

exports[`renders information when tasks are empty 1`] = `
<p>
  There are no tasks yet.
</p>
`;

exports[`renders tasks 1`] = `
<ul
  class="tasks"
>
  <li>
    <div>
      first
    </div>
  </li>
  <li>
    <div>
      second
    </div>
  </li>
</ul>
`;
