// Jest Snapshot v1, https://goo.gl/fbAQLP

exports[`renders 1`] = `
<div
  class="container"
>
  <div
    class="checkbox"
  >
    <div
      style="position: relative; display: flex; align-items: center; height: 15px;"
    >
      <input
        class="input"
        type="checkbox"
      />
      <svg
        clip-rule="evenodd"
        height="15"
        preserveAspectRatio="none"
        viewBox="0 0 100 100"
        width="15"
      >
        <circle
          cx="50"
          cy="50"
          fill="none"
          r="44"
          stroke="#99a"
          stroke-width="8"
        />
      </svg>
    </div>
  </div>
  <input
    class="input sc-bwzfXH PGmuR"
    data-testid="input"
    placeholder="What should be done..."
    type="text"
    value="test"
  />
  <button
    class="sc-bdVaJa cabFfC"
    data-testid="remove-test"
  >
    <div
      class="trashbin"
      name="trashbin"
      size="16"
    >
      icon-
      trashbin
    </div>
  </button>
</div>
`;
