// Jest Snapshot v1, https://goo.gl/fbAQLP

exports[`renders 1`] = `
<div>
  <ul
    class="subtasks"
  >
    <li
      class="subtask"
    >
      <div
        class="container"
      >
        <div
          class="checkbox"
        >
          <div
            style="position: relative; display: flex; align-items: center; height: 15px;"
          >
            <input
              class="input"
              type="checkbox"
            />
            <svg
              clip-rule="evenodd"
              height="15"
              preserveAspectRatio="none"
              viewBox="0 0 100 100"
              width="15"
            >
              <circle
                cx="50"
                cy="50"
                fill="none"
                r="44"
                stroke="#99a"
                stroke-width="8"
              />
            </svg>
          </div>
        </div>
        <input
          class="sc-bwzfXH PGmuR"
          data-testid="input"
          placeholder="What should be done..."
          type="text"
          value="first"
        />
        <svg
          class="trashbin"
          height="16"
          viewBox="viewBox"
          width="16"
        >
          <use
            id="icon-id"
            xlink:href="#id"
          />
        </svg>
      </div>
    </li>
    <li
      class="subtask"
    >
      <div
        class="container"
      >
        <div
          class="checkbox"
        >
          <div
            style="position: relative; display: flex; align-items: center; height: 15px;"
          >
            <input
              class="input"
              type="checkbox"
            />
            <svg
              clip-rule="evenodd"
              height="15"
              preserveAspectRatio="none"
              viewBox="0 0 100 100"
              width="15"
            >
              <circle
                cx="50"
                cy="50"
                fill="none"
                r="44"
                stroke="#99a"
                stroke-width="8"
              />
            </svg>
          </div>
        </div>
        <input
          class="sc-bwzfXH PGmuR"
          data-testid="input"
          placeholder="What should be done..."
          type="text"
          value="second"
        />
        <svg
          class="trashbin"
          height="16"
          viewBox="viewBox"
          width="16"
        >
          <use
            id="icon-id"
            xlink:href="#id"
          />
        </svg>
      </div>
    </li>
  </ul>
</div>
`;
